 
****************************************
Report : area
Design : fir_hvwtm_rca_32
Version: V-2023.12
Date   : Tue Jun 16 02:07:43 2026
****************************************

Information: Updating design information... (UID-85)
Library(s) Used:

    saed32rvt_tt0p78vn40c (File: /home/ece/Downloads/C-DAC_july24/ref/lib/stdcell_rvt/saed32rvt_tt0p78vn40c.db)

Number of ports:                           50
Number of nets:                          6904
Number of cells:                         6233
Number of combinational cells:           5753
Number of sequential cells:               480
Number of macros/black boxes:               0
Number of buf/inv:                        925
Number of references:                      47

Combinational area:              14914.694781
Buf/Inv area:                     1226.244809
Noncombinational area:            3172.225512
Macro/Black Box area:                0.000000
Net Interconnect area:            4086.627719

Total cell area:                 18086.920293
Total area:                      22173.548011

Hierarchical area distribution
------------------------------

                                  Global cell area            Local cell area
                                  -------------------  ----------------------------- 
Hierarchical cell                 Absolute    Percent  Combi-      Noncombi-  Black-
                                  Total       Total    national    national   boxes   Design
--------------------------------  ----------  -------  ----------  ---------  ------  ---------
fir_hvwtm_rca_32                  18086.9203    100.0  14914.6948  3172.2255  0.0000  fir_hvwtm_rca_32
--------------------------------  ----------  -------  ----------  ---------  ------  ---------
Total                                                  14914.6948  3172.2255  0.0000

1
